MPLINK 4.49, Linker
Linker Map File - Created Thu Nov 15 22:03:15 2018

                                 Section Info
                  Section       Type    Address   Location Size(Bytes)
                ---------  ---------  ---------  ---------  ---------
                   .org_0       code   0x000000    program   0x000000
                   .org_1       code   0x000000    program   0x000002
                   .org_2       code   0x000004    program   0x000002
                   .org_3       code   0x000015    program   0x000220
     .config_2007_CASE3.O       code   0x002007    program   0x000002
     .config_2008_CASE3.O       code   0x002008    program   0x000002



                              Program Memory Usage 
                               Start         End      
                           ---------   ---------      
                            0x000000    0x000000      
                            0x000004    0x000004      
                            0x000015    0x000124      
                            0x002007    0x002008      
            276 out of 4103 program addresses used, program memory utilization is 6%



                              Symbols - Sorted by Name
                     Name    Address   Location    Storage File                     
                ---------  ---------  ---------  --------- ---------                
                CheckOff4   0x0000d5    program     static C:\Users\Felix Hu\Desktop\Case 3\case3.asm
             CheckReStart   0x0000d8    program     static C:\Users\Felix Hu\Desktop\Case 3\case3.asm
               GreenPress   0x000052    program     static C:\Users\Felix Hu\Desktop\Case 3\case3.asm
             GreenRelease   0x000055    program     static C:\Users\Felix Hu\Desktop\Case 3\case3.asm
                   LEDOff   0x00011d    program     static C:\Users\Felix Hu\Desktop\Case 3\case3.asm
                    LEDOn   0x00011b    program     static C:\Users\Felix Hu\Desktop\Case 3\case3.asm
                  MainOff   0x000115    program     static C:\Users\Felix Hu\Desktop\Case 3\case3.asm
                 MainOff1   0x000068    program     static C:\Users\Felix Hu\Desktop\Case 3\case3.asm
                 MainOff3   0x0000a3    program     static C:\Users\Felix Hu\Desktop\Case 3\case3.asm
                   MainOn   0x000113    program     static C:\Users\Felix Hu\Desktop\Case 3\case3.asm
                  MainOn1   0x000066    program     static C:\Users\Felix Hu\Desktop\Case 3\case3.asm
                    Mode1   0x000040    program     static C:\Users\Felix Hu\Desktop\Case 3\case3.asm
                 Mode1234   0x00002e    program     static C:\Users\Felix Hu\Desktop\Case 3\case3.asm
                    Mode2   0x000043    program     static C:\Users\Felix Hu\Desktop\Case 3\case3.asm
                  Mode234   0x00003a    program     static C:\Users\Felix Hu\Desktop\Case 3\case3.asm
                    Mode3   0x000046    program     static C:\Users\Felix Hu\Desktop\Case 3\case3.asm
                   Mode34   0x00003d    program     static C:\Users\Felix Hu\Desktop\Case 3\case3.asm
                    Mode4   0x00004a    program     static C:\Users\Felix Hu\Desktop\Case 3\case3.asm
             ProgramError   0x000121    program     static C:\Users\Felix Hu\Desktop\Case 3\case3.asm
                 ReStart4   0x0000c2    program     static C:\Users\Felix Hu\Desktop\Case 3\case3.asm
                   ReadAD   0x000092    program     static C:\Users\Felix Hu\Desktop\Case 3\case3.asm
                  ReadAD4   0x0000b8    program     static C:\Users\Felix Hu\Desktop\Case 3\case3.asm
                RedPress1   0x00005e    program     static C:\Users\Felix Hu\Desktop\Case 3\case3.asm
                RedPress2   0x00006f    program     static C:\Users\Felix Hu\Desktop\Case 3\case3.asm
           RedPress2Check   0x000084    program     static C:\Users\Felix Hu\Desktop\Case 3\case3.asm
                RedPress3   0x00008c    program     static C:\Users\Felix Hu\Desktop\Case 3\case3.asm
               RedPress32   0x0000a5    program     static C:\Users\Felix Hu\Desktop\Case 3\case3.asm
                RedPress4   0x0000b2    program     static C:\Users\Felix Hu\Desktop\Case 3\case3.asm
              RedRelease1   0x000060    program     static C:\Users\Felix Hu\Desktop\Case 3\case3.asm
              RedRelease2   0x000071    program     static C:\Users\Felix Hu\Desktop\Case 3\case3.asm
              RedRelease3   0x00008e    program     static C:\Users\Felix Hu\Desktop\Case 3\case3.asm
             RedRelease32   0x0000a7    program     static C:\Users\Felix Hu\Desktop\Case 3\case3.asm
              RedRelease4   0x0000b4    program     static C:\Users\Felix Hu\Desktop\Case 3\case3.asm
               ReducedOff   0x000119    program     static C:\Users\Felix Hu\Desktop\Case 3\case3.asm
                ReducedOn   0x000117    program     static C:\Users\Felix Hu\Desktop\Case 3\case3.asm
               SetupDelay   0x0000f8    program     static C:\Users\Felix Hu\Desktop\Case 3\case3.asm
              SwitchDelay   0x0000db    program     static C:\Users\Felix Hu\Desktop\Case 3\case3.asm
                ZeroError   0x00011f    program     static C:\Users\Felix Hu\Desktop\Case 3\case3.asm
             checkGreater   0x00009d    program     static C:\Users\Felix Hu\Desktop\Case 3\case3.asm
              checkSensor   0x0000d2    program     static C:\Users\Felix Hu\Desktop\Case 3\case3.asm
                    delay   0x0000dd    program     static C:\Users\Felix Hu\Desktop\Case 3\case3.asm
                   delay2   0x0000e0    program     static C:\Users\Felix Hu\Desktop\Case 3\case3.asm
                   delay4   0x0000e5    program     static C:\Users\Felix Hu\Desktop\Case 3\case3.asm
                  delay42   0x0000eb    program     static C:\Users\Felix Hu\Desktop\Case 3\case3.asm
                  delay43   0x0000f1    program     static C:\Users\Felix Hu\Desktop\Case 3\case3.asm
                  delayAD   0x0000fa    program     static C:\Users\Felix Hu\Desktop\Case 3\case3.asm
                   initAD   0x000027    program     static C:\Users\Felix Hu\Desktop\Case 3\case3.asm
                 initPort   0x000015    program     static C:\Users\Felix Hu\Desktop\Case 3\case3.asm
               isrService   0x000124    program     static C:\Users\Felix Hu\Desktop\Case 3\case3.asm
                timeDelay   0x000101    program     static C:\Users\Felix Hu\Desktop\Case 3\case3.asm
               timeDelay4   0x00010c    program     static C:\Users\Felix Hu\Desktop\Case 3\case3.asm
                 timeLoop   0x0000fd    program     static C:\Users\Felix Hu\Desktop\Case 3\case3.asm
                timeLoop4   0x000106    program     static C:\Users\Felix Hu\Desktop\Case 3\case3.asm
                waitPress   0x00004f    program     static C:\Users\Felix Hu\Desktop\Case 3\case3.asm
               waitPress1   0x000059    program     static C:\Users\Felix Hu\Desktop\Case 3\case3.asm
               waitPress2   0x00006a    program     static C:\Users\Felix Hu\Desktop\Case 3\case3.asm
               waitPress3   0x000087    program     static C:\Users\Felix Hu\Desktop\Case 3\case3.asm
               waitPress4   0x0000ad    program     static C:\Users\Felix Hu\Desktop\Case 3\case3.asm



                              Symbols - Sorted by Address
                     Name    Address   Location    Storage File                     
                ---------  ---------  ---------  --------- ---------                
                 initPort   0x000015    program     static C:\Users\Felix Hu\Desktop\Case 3\case3.asm
                   initAD   0x000027    program     static C:\Users\Felix Hu\Desktop\Case 3\case3.asm
                 Mode1234   0x00002e    program     static C:\Users\Felix Hu\Desktop\Case 3\case3.asm
                  Mode234   0x00003a    program     static C:\Users\Felix Hu\Desktop\Case 3\case3.asm
                   Mode34   0x00003d    program     static C:\Users\Felix Hu\Desktop\Case 3\case3.asm
                    Mode1   0x000040    program     static C:\Users\Felix Hu\Desktop\Case 3\case3.asm
                    Mode2   0x000043    program     static C:\Users\Felix Hu\Desktop\Case 3\case3.asm
                    Mode3   0x000046    program     static C:\Users\Felix Hu\Desktop\Case 3\case3.asm
                    Mode4   0x00004a    program     static C:\Users\Felix Hu\Desktop\Case 3\case3.asm
                waitPress   0x00004f    program     static C:\Users\Felix Hu\Desktop\Case 3\case3.asm
               GreenPress   0x000052    program     static C:\Users\Felix Hu\Desktop\Case 3\case3.asm
             GreenRelease   0x000055    program     static C:\Users\Felix Hu\Desktop\Case 3\case3.asm
               waitPress1   0x000059    program     static C:\Users\Felix Hu\Desktop\Case 3\case3.asm
                RedPress1   0x00005e    program     static C:\Users\Felix Hu\Desktop\Case 3\case3.asm
              RedRelease1   0x000060    program     static C:\Users\Felix Hu\Desktop\Case 3\case3.asm
                  MainOn1   0x000066    program     static C:\Users\Felix Hu\Desktop\Case 3\case3.asm
                 MainOff1   0x000068    program     static C:\Users\Felix Hu\Desktop\Case 3\case3.asm
               waitPress2   0x00006a    program     static C:\Users\Felix Hu\Desktop\Case 3\case3.asm
                RedPress2   0x00006f    program     static C:\Users\Felix Hu\Desktop\Case 3\case3.asm
              RedRelease2   0x000071    program     static C:\Users\Felix Hu\Desktop\Case 3\case3.asm
           RedPress2Check   0x000084    program     static C:\Users\Felix Hu\Desktop\Case 3\case3.asm
               waitPress3   0x000087    program     static C:\Users\Felix Hu\Desktop\Case 3\case3.asm
                RedPress3   0x00008c    program     static C:\Users\Felix Hu\Desktop\Case 3\case3.asm
              RedRelease3   0x00008e    program     static C:\Users\Felix Hu\Desktop\Case 3\case3.asm
                   ReadAD   0x000092    program     static C:\Users\Felix Hu\Desktop\Case 3\case3.asm
             checkGreater   0x00009d    program     static C:\Users\Felix Hu\Desktop\Case 3\case3.asm
                 MainOff3   0x0000a3    program     static C:\Users\Felix Hu\Desktop\Case 3\case3.asm
               RedPress32   0x0000a5    program     static C:\Users\Felix Hu\Desktop\Case 3\case3.asm
             RedRelease32   0x0000a7    program     static C:\Users\Felix Hu\Desktop\Case 3\case3.asm
               waitPress4   0x0000ad    program     static C:\Users\Felix Hu\Desktop\Case 3\case3.asm
                RedPress4   0x0000b2    program     static C:\Users\Felix Hu\Desktop\Case 3\case3.asm
              RedRelease4   0x0000b4    program     static C:\Users\Felix Hu\Desktop\Case 3\case3.asm
                  ReadAD4   0x0000b8    program     static C:\Users\Felix Hu\Desktop\Case 3\case3.asm
                 ReStart4   0x0000c2    program     static C:\Users\Felix Hu\Desktop\Case 3\case3.asm
              checkSensor   0x0000d2    program     static C:\Users\Felix Hu\Desktop\Case 3\case3.asm
                CheckOff4   0x0000d5    program     static C:\Users\Felix Hu\Desktop\Case 3\case3.asm
             CheckReStart   0x0000d8    program     static C:\Users\Felix Hu\Desktop\Case 3\case3.asm
              SwitchDelay   0x0000db    program     static C:\Users\Felix Hu\Desktop\Case 3\case3.asm
                    delay   0x0000dd    program     static C:\Users\Felix Hu\Desktop\Case 3\case3.asm
                   delay2   0x0000e0    program     static C:\Users\Felix Hu\Desktop\Case 3\case3.asm
                   delay4   0x0000e5    program     static C:\Users\Felix Hu\Desktop\Case 3\case3.asm
                  delay42   0x0000eb    program     static C:\Users\Felix Hu\Desktop\Case 3\case3.asm
                  delay43   0x0000f1    program     static C:\Users\Felix Hu\Desktop\Case 3\case3.asm
               SetupDelay   0x0000f8    program     static C:\Users\Felix Hu\Desktop\Case 3\case3.asm
                  delayAD   0x0000fa    program     static C:\Users\Felix Hu\Desktop\Case 3\case3.asm
                 timeLoop   0x0000fd    program     static C:\Users\Felix Hu\Desktop\Case 3\case3.asm
                timeDelay   0x000101    program     static C:\Users\Felix Hu\Desktop\Case 3\case3.asm
                timeLoop4   0x000106    program     static C:\Users\Felix Hu\Desktop\Case 3\case3.asm
               timeDelay4   0x00010c    program     static C:\Users\Felix Hu\Desktop\Case 3\case3.asm
                   MainOn   0x000113    program     static C:\Users\Felix Hu\Desktop\Case 3\case3.asm
                  MainOff   0x000115    program     static C:\Users\Felix Hu\Desktop\Case 3\case3.asm
                ReducedOn   0x000117    program     static C:\Users\Felix Hu\Desktop\Case 3\case3.asm
               ReducedOff   0x000119    program     static C:\Users\Felix Hu\Desktop\Case 3\case3.asm
                    LEDOn   0x00011b    program     static C:\Users\Felix Hu\Desktop\Case 3\case3.asm
                   LEDOff   0x00011d    program     static C:\Users\Felix Hu\Desktop\Case 3\case3.asm
                ZeroError   0x00011f    program     static C:\Users\Felix Hu\Desktop\Case 3\case3.asm
             ProgramError   0x000121    program     static C:\Users\Felix Hu\Desktop\Case 3\case3.asm
               isrService   0x000124    program     static C:\Users\Felix Hu\Desktop\Case 3\case3.asm


