MPLINK 4.49, Linker
Linker Map File - Created Sun Oct 28 10:38:54 2018

                                 Section Info
                  Section       Type    Address   Location Size(Bytes)
                ---------  ---------  ---------  ---------  ---------
                   .org_0       code   0x000000    program   0x000000
                   .org_1       code   0x000000    program   0x000002
                   .org_2       code   0x000004    program   0x000002
                   .org_3       code   0x000015    program   0x000048
   .config_2007_COUNTER.O       code   0x002007    program   0x000002
   .config_2008_COUNTER.O       code   0x002008    program   0x000002



                              Program Memory Usage 
                               Start         End      
                           ---------   ---------      
                            0x000000    0x000000      
                            0x000004    0x000004      
                            0x000015    0x000038      
                            0x002007    0x002008      
            40 out of 4103 program addresses used, program memory utilization is 0%



                              Symbols - Sorted by Name
                     Name    Address   Location    Storage File                     
                ---------  ---------  ---------  --------- ---------                
               GreenPress   0x000022    program     static C:\Users\Felix Hu\Desktop\Case 3\counter.asm
             GreenRelease   0x000024    program     static C:\Users\Felix Hu\Desktop\Case 3\counter.asm
                 IncCount   0x00002f    program     static C:\Users\Felix Hu\Desktop\Case 3\counter.asm
                 RedPress   0x000028    program     static C:\Users\Felix Hu\Desktop\Case 3\counter.asm
               RedRelease   0x00002a    program     static C:\Users\Felix Hu\Desktop\Case 3\counter.asm
              SwitchDelay   0x000033    program     static C:\Users\Felix Hu\Desktop\Case 3\counter.asm
                    delay   0x000035    program     static C:\Users\Felix Hu\Desktop\Case 3\counter.asm
                 initPort   0x000015    program     static C:\Users\Felix Hu\Desktop\Case 3\counter.asm
               isrService   0x000038    program     static C:\Users\Felix Hu\Desktop\Case 3\counter.asm
                 outCount   0x000030    program     static C:\Users\Felix Hu\Desktop\Case 3\counter.asm
                waitPress   0x00001d    program     static C:\Users\Felix Hu\Desktop\Case 3\counter.asm



                              Symbols - Sorted by Address
                     Name    Address   Location    Storage File                     
                ---------  ---------  ---------  --------- ---------                
                 initPort   0x000015    program     static C:\Users\Felix Hu\Desktop\Case 3\counter.asm
                waitPress   0x00001d    program     static C:\Users\Felix Hu\Desktop\Case 3\counter.asm
               GreenPress   0x000022    program     static C:\Users\Felix Hu\Desktop\Case 3\counter.asm
             GreenRelease   0x000024    program     static C:\Users\Felix Hu\Desktop\Case 3\counter.asm
                 RedPress   0x000028    program     static C:\Users\Felix Hu\Desktop\Case 3\counter.asm
               RedRelease   0x00002a    program     static C:\Users\Felix Hu\Desktop\Case 3\counter.asm
                 IncCount   0x00002f    program     static C:\Users\Felix Hu\Desktop\Case 3\counter.asm
                 outCount   0x000030    program     static C:\Users\Felix Hu\Desktop\Case 3\counter.asm
              SwitchDelay   0x000033    program     static C:\Users\Felix Hu\Desktop\Case 3\counter.asm
                    delay   0x000035    program     static C:\Users\Felix Hu\Desktop\Case 3\counter.asm
               isrService   0x000038    program     static C:\Users\Felix Hu\Desktop\Case 3\counter.asm


